[beatdrum.netlify.app/index.html]
[backblue.gif]
[fade.gif]
[index.html]
[beatdrum.netlify.app/assets/img/apple-icon.png]
[beatdrum.netlify.app/assets/img/favicon.ico]
[beatdrum.netlify.app/assets/css/bootstrap.min.css]
[beatdrum.netlify.app/assets/css/templatemo.css]
[beatdrum.netlify.app/assets/css/fontawesome.min.css]
[beatdrum.netlify.app/about.html]
[beatdrum.netlify.app/contact.html]
[beatdrum.netlify.app/assets/img/banner_img_01.jpg]
[beatdrum.netlify.app/assets/img/banner_img_02.jpg]
[beatdrum.netlify.app/assets/img/banner_img_03.jpg]
[beatdrum.netlify.app/first detail.html]
[beatdrum.netlify.app/second detail.html]
[beatdrum.netlify.app/third detail.html]
[beatdrum.netlify.app/assets/img/banner_img_04.jpg]
[beatdrum.netlify.app/fourth datail.html]
[beatdrum.netlify.app/assets/img/banner_img_05.jpg]
[beatdrum.netlify.app/fifth detail.html]
[beatdrum.netlify.app/assets/img/banner_img_06.jpg]
[beatdrum.netlify.app/sixth detail.html]
[beatdrum.netlify.app/assets/img/feature_prod_01.png]
[beatdrum.netlify.app/assets/img/feature_prod_03.png]
[beatdrum.netlify.app/assets/js/jquery-migrate-1.2.1.min.js]
[beatdrum.netlify.app/assets/js/jquery-1.11.0.min.js]
[beatdrum.netlify.app/assets/js/bootstrap.bundle.min.js]
[beatdrum.netlify.app/assets/js/templatemo.js]
[beatdrum.netlify.app/index.html]
[beatdrum.netlify.app/assets/css/bootstrap.min.css]
[beatdrum.netlify.app/assets/css/templatemo.css]
[beatdrum.netlify.app/assets/css/custom.css]
[beatdrum.netlify.app/index-2.html]
[beatdrum.netlify.app/assets/webfonts/fa-brands-400.eot]
[beatdrum.netlify.app/assets/webfonts/fa-brands-400d41d.eot]
[beatdrum.netlify.app/assets/webfonts/fa-brands-400.woff2]
[beatdrum.netlify.app/assets/webfonts/fa-brands-400.woff]
[beatdrum.netlify.app/assets/webfonts/fa-brands-400.ttf]
[beatdrum.netlify.app/assets/webfonts/fa-regular-400.eot]
[beatdrum.netlify.app/assets/webfonts/fa-brands-400.svg]
[beatdrum.netlify.app/assets/webfonts/fa-regular-400d41d.eot]
[beatdrum.netlify.app/assets/webfonts/fa-regular-400.woff2]
[beatdrum.netlify.app/assets/webfonts/fa-regular-400.woff]
[beatdrum.netlify.app/assets/webfonts/fa-regular-400.ttf]
[beatdrum.netlify.app/assets/webfonts/fa-regular-400.svg]
[beatdrum.netlify.app/assets/webfonts/fa-solid-900.eot]
[beatdrum.netlify.app/assets/webfonts/fa-solid-900d41d.eot]
[beatdrum.netlify.app/assets/webfonts/fa-solid-900.woff2]
[beatdrum.netlify.app/assets/webfonts/fa-solid-900.woff]
[beatdrum.netlify.app/assets/webfonts/fa-solid-900.ttf]
[beatdrum.netlify.app/assets/css/fontawesome.min.css]
[beatdrum.netlify.app/assets/img/about-hero.svg]
[beatdrum.netlify.app/assets/webfonts/fa-solid-900.svg]
[beatdrum.netlify.app/about crawling.html]
[beatdrum.netlify.app/about nltk.html]
[beatdrum.netlify.app/about glove.html]
[beatdrum.netlify.app/assets/img/tools1.png]
[beatdrum.netlify.app/assets/img/tools2.png]
[beatdrum.netlify.app/assets/img/tools3.png]
[beatdrum.netlify.app/assets/img/tools4.png]
[beatdrum.netlify.app/assets/img/brand_01.38.delayed]
[beatdrum.netlify.app/assets/img/brand_02.39.delayed]
[beatdrum.netlify.app/assets/img/brand_03.3a.delayed]
[beatdrum.netlify.app/assets/img/brand_04.3b.delayed]
[beatdrum.netlify.app/about.html]
[unpkg.com/leaflet@1.7.1/dist/leaflet.css]
[beatdrum.netlify.app/contact.html]
[unpkg.com/leaflet@1.7.1/dist/leaflet.js]
[beatdrum.netlify.app/assets/css/slick.min.css]
[beatdrum.netlify.app/assets/css/slick-theme.css]
[beatdrum.netlify.app/assets/img/product_single_01.jpg]
[beatdrum.netlify.app/assets/img/product_single_02.jpg]
[beatdrum.netlify.app/assets/img/product_single_03.jpg]
[beatdrum.netlify.app/assets/img/product_single_04.jpg]
[beatdrum.netlify.app/assets/img/product_single_05.jpg]
[beatdrum.netlify.app/assets/img/product_single_06.jpg]
[beatdrum.netlify.app/assets/img/product_single_07.jpg]
[beatdrum.netlify.app/assets/img/product_single_08.jpg]
[beatdrum.netlify.app/assets/img/product_single_09.jpg]
[beatdrum.netlify.app/assets/img/squid game/design 0826.jpg]
[beatdrum.netlify.app/assets/img/squid game/debt 0.809.jpg]
[beatdrum.netlify.app/assets/img/squid game/nameless 0.797.png]
[beatdrum.netlify.app/assets/img/squid game/fearless 0.744.png]
[beatdrum.netlify.app/first detail.html]
[beatdrum.netlify.app/assets/js/slick.min.js]
[beatdrum.netlify.app/assets/img/parasite/main 1.jpg]
[beatdrum.netlify.app/assets/img/parasite/main 2.jpg]
[beatdrum.netlify.app/assets/img/parasite/main 3.jpg]
[beatdrum.netlify.app/assets/img/parasite/main 4.jpg]
[beatdrum.netlify.app/assets/img/parasite/main 5.jpg]
[beatdrum.netlify.app/assets/img/parasite/main 6.jpg]
[beatdrum.netlify.app/assets/img/parasite/main 7.jpg]
[beatdrum.netlify.app/assets/img/parasite/main 8.jpg]
[beatdrum.netlify.app/assets/img/parasite/main 9.jpg]
[beatdrum.netlify.app/assets/img/parasite/movie parasite seamlessness_0.7988337409343902.jpg]
[beatdrum.netlify.app/assets/img/parasite/movie parasite canne_0.8537299034430299.png]
[beatdrum.netlify.app/assets/img/parasite/movie parasite member_0.8307553110984428.jpg]
[beatdrum.netlify.app/second detail.html]
[beatdrum.netlify.app/assets/img/woo/main 1.jpg]
[beatdrum.netlify.app/assets/img/woo/main 2.jpg]
[beatdrum.netlify.app/assets/img/woo/main 3.jpg]
[beatdrum.netlify.app/assets/img/woo/main 4.jpg]
[beatdrum.netlify.app/assets/img/woo/main 5.jpg]
[beatdrum.netlify.app/assets/img/woo/main 6.jpg]
[beatdrum.netlify.app/assets/img/woo/movie Extraordinary Attorney Woo integrants_0.840530256757255.jpg]
[beatdrum.netlify.app/assets/img/woo/movie Extraordinary Attorney Woo situation_0.8316622274242911.jpg]
[beatdrum.netlify.app/assets/img/woo/movie Extraordinary Attorney Woo soundtrack_8206428194388216.jpg]
[beatdrum.netlify.app/third detail.html]
[beatdrum.netlify.app/assets/img/minari/main 1.jpg]
[beatdrum.netlify.app/assets/img/minari/main 2.jpg]
[beatdrum.netlify.app/assets/img/minari/main 3.jpg]
[beatdrum.netlify.app/assets/img/minari/main 4.jpg]
[beatdrum.netlify.app/assets/img/minari/main 5.jpg]
[beatdrum.netlify.app/assets/img/minari/main 6.jpg]
[beatdrum.netlify.app/assets/img/minari/movie minari phenomenal_0.884547456285832.jpg]
[beatdrum.netlify.app/assets/img/minari/movie minari portrayal_0.8468317621951227.jpg]
[beatdrum.netlify.app/assets/img/minari/movie minari inspiration_0.8365019449304791.jpg]
[beatdrum.netlify.app/assets/img/minari/movie minari value_0.8327025047089935.jpg]
[beatdrum.netlify.app/fourth datail.html]
[beatdrum.netlify.app/assets/img/chacha/main 1.jpg]
[beatdrum.netlify.app/assets/img/chacha/main 2.jpg]
[beatdrum.netlify.app/assets/img/chacha/main 3.jpg]
[beatdrum.netlify.app/assets/img/chacha/main 4.jpg]
[beatdrum.netlify.app/assets/img/chacha/main 5.jpg]
[beatdrum.netlify.app/assets/img/chacha/main 6.jpg]
[beatdrum.netlify.app/assets/img/chacha/movie Hometown Cha-Cha-Cha fancy_0.8847123258448744.jpg]
[beatdrum.netlify.app/assets/img/chacha/movie Hometown Cha-Cha-Cha appreciation_0.8616222765267018.jpg]
[beatdrum.netlify.app/assets/img/chacha/movie Hometown Cha-Cha-Cha design_0.8374775418187184 .jpg]
[beatdrum.netlify.app/assets/img/chacha/movie Hometown Cha-Cha-Cha cliche _0.842162394130288.jpg]
[beatdrum.netlify.app/fifth detail.html]
[beatdrum.netlify.app/assets/img/busan/main 1.jpg]
[beatdrum.netlify.app/assets/img/busan/main 2.jpg]
[beatdrum.netlify.app/assets/img/busan/main 3.jpg]
[beatdrum.netlify.app/assets/img/busan/main 4.jpg]
[beatdrum.netlify.app/assets/img/busan/main 5.jpg]
[beatdrum.netlify.app/assets/img/busan/main 6.jpg]
[beatdrum.netlify.app/assets/img/busan/movie Train to Busan situation_0.8420816554577026.jpg]
[beatdrum.netlify.app/assets/img/busan/movie Train to Busan greedy_0.8086365148862177.jpg]
[beatdrum.netlify.app/assets/img/busan/movie Train to Busan actor_0.7860225277898105.jpg]
[beatdrum.netlify.app/assets/img/busan/movie Train to Busan film_0.7635312908758205.jpg]
[beatdrum.netlify.app/sixth detail.html]
[beatdrum.netlify.app/assets/js/custom.js]
[beatdrum.netlify.app/index-2.html]
[beatdrum.netlify.app/assets/webfonts/fa-brands-400.svg]
[beatdrum.netlify.app/assets/webfonts/fa-regular-400.svg]
[beatdrum.netlify.app/assets/webfonts/fa-solid-900.svg]
[beatdrum.netlify.app/assets/img/about-hero.svg]
[beatdrum.netlify.app/assets/img/code_import.png]
[beatdrum.netlify.app/assets/img/code_define_firefox.png]
[beatdrum.netlify.app/assets/img/code_address_imdb.png]
[beatdrum.netlify.app/assets/img/code_crawling_base.png]
[beatdrum.netlify.app/assets/img/code_crawling_dynamicpage.png]
[beatdrum.netlify.app/assets/img/code_crawling_last.png]
[beatdrum.netlify.app/about crawling.html]
[beatdrum.netlify.app/assets/python/imdb_reviews_movies.py]
[beatdrum.netlify.app/assets/img/code_NLTK_import.png]
[beatdrum.netlify.app/assets/img/code_NLTK_download.png]
[beatdrum.netlify.app/assets/img/code_NLTK_Movie_name.png]
[beatdrum.netlify.app/assets/img/code_NLTK_deleteword.png]
[beatdrum.netlify.app/assets/img/code_NLTK_표제어.png]
[beatdrum.netlify.app/assets/img/code_NLTK_형태소.png]
[beatdrum.netlify.app/assets/python/imdb_reviews_analysis.py]
[beatdrum.netlify.app/about nltk.html]
[beatdrum.netlify.app/assets/csv/csv.zip]
[beatdrum.netlify.app/assets/img/code_Glove_read_file.png]
[beatdrum.netlify.app/assets/img/code_Glove_vect.png]
[beatdrum.netlify.app/assets/img/code_Glove_meanvec.png]
[beatdrum.netlify.app/assets/img/code_GloVe_simi.png]
[beatdrum.netlify.app/assets/img/code_GloVe_final.png]
[beatdrum.netlify.app/assets/img/explain1.png]
[beatdrum.netlify.app/assets/img/qnsvheh.png]
[beatdrum.netlify.app/assets/img/explain2.png]
[beatdrum.netlify.app/assets/img/explain3.png]
[beatdrum.netlify.app/assets/img/explain4.png]
[beatdrum.netlify.app/about glove.html]
[beatdrum.netlify.app/assets/img/brand_01.html]
[beatdrum.netlify.app/assets/img/brand_02.html]
[beatdrum.netlify.app/assets/img/brand_03.html]
[beatdrum.netlify.app/assets/img/brand_04.html]
[unpkg.com/leaflet@1.7.1/dist/images/layers.png]
[unpkg.com/leaflet@1.7.1/dist/images/layers-2x.png]
[unpkg.com/leaflet@1.7.1/dist/images/marker-icon.png]
[unpkg.com/leaflet@1.7.1/dist/leaflet.css]
[beatdrum.netlify.app/assets/css/slick.min.css]
[beatdrum.netlify.app/assets/img/ajax-loader.gif]
[beatdrum.netlify.app/assets/webfonts/slick.eot]
[beatdrum.netlify.app/assets/webfonts/slickd41d.eot]
[beatdrum.netlify.app/assets/webfonts/slick.woff]
[beatdrum.netlify.app/assets/webfonts/slick.ttf]
[beatdrum.netlify.app/assets/css/slick-theme.css]
[beatdrum.netlify.app/assets/webfonts/slick.svg]
[beatdrum.netlify.app/assets/webfonts/slick.svg]
